// Jest Snapshot v1, https://goo.gl/fbAQLP

exports[`should render MovieDetails correctly 1`] = `
<div
  className="flex-col"
>
  <div
    className="flex-row flex-content-center"
  >
    <div
      className="flex-basis-20 u-text-large"
    >
      Title
    </div>
    <div
      className="flex-basis-80"
    >
      The Dark Knight
    </div>
  </div>
  <div
    className="flex-row flex-content-center"
  >
    <div
      className="flex-basis-20 u-text-large"
    >
      Released
    </div>
    <div
      className="flex-basis-80"
    >
      18 Jul 2008
    </div>
  </div>
  <div
    className="flex-row flex-content-center"
  >
    <div
      className="flex-basis-20 u-text-large"
    >
      Duration
    </div>
    <div
      className="flex-basis-80"
    >
      152 min
    </div>
  </div>
  <div
    className="flex-row flex-content-center"
  >
    <div
      className="flex-basis-20 u-text-large"
    >
      Genre
    </div>
    <div
      className="flex-basis-80"
    >
      Action, Crime, Drama, Thriller
    </div>
  </div>
  <div
    className="flex-row flex-content-center"
  >
    <div
      className="flex-basis-20 u-text-large"
    >
      Director
    </div>
    <div
      className="flex-basis-80"
    >
      Christopher Nolan
    </div>
  </div>
  <div
    className="flex-row flex-content-center"
  >
    <div
      className="flex-basis-20 u-text-large"
    >
      Writer
    </div>
    <div
      className="flex-basis-80"
    >
      Jonathan Nolan (screenplay), Christopher Nolan (screenplay), Christopher Nolan (story), David S. Goyer (story), Bob Kane (characters)
    </div>
  </div>
  <div
    className="flex-row flex-content-center"
  >
    <div
      className="flex-basis-20 u-text-large"
    >
      Actors
    </div>
    <div
      className="flex-basis-80"
    >
      Christian Bale, Heath Ledger, Aaron Eckhart, Michael Caine
    </div>
  </div>
  <div
    className="flex-row flex-content-center"
  >
    <div
      className="flex-basis-20 u-text-large"
    >
      Plot
    </div>
    <div
      className="flex-basis-80"
    >
      When the menace known as the Joker wreaks havoc and chaos on the people of Gotham, Batman must accept one of the greatest psychological and physical tests of his ability to fight injustice.
    </div>
  </div>
  <div
    className="flex-row flex-content-center"
  >
    <div
      className="flex-basis-20 u-text-large"
    >
      Country
    </div>
    <div
      className="flex-basis-80"
    >
      USA, UK
    </div>
  </div>
  <div
    className="flex-row flex-content-center"
  >
    <div
      className="flex-basis-20 u-text-large"
    >
      Awards
    </div>
    <div
      className="flex-basis-80"
    >
      Won 2 Oscars. Another 157 wins & 163 nominations.
    </div>
  </div>
  <div
    className="flex-row flex-content-center"
  >
    <div
      className="flex-basis-20 u-text-large"
    >
      IMDB Rating
    </div>
    <div
      className="flex-basis-80"
    >
      9.0
    </div>
  </div>
  <div
    className="flex-row flex-content-center"
  >
    <div
      className="flex-basis-20 u-text-large"
    >
      BOX Office
    </div>
    <div
      className="flex-basis-80"
    >
      $534,858,444
    </div>
  </div>
</div>
`;
